// Jest Snapshot v1, https://goo.gl/fbAQLP

exports[`should render expenses summary component with multiple expenses 1`] = `
<div>
  <h1>
    Viewing 
    3
     
    expenses
     totalling 
    $1,141.95
  </h1>
</div>
`;

exports[`should render expenses summary component with one expense 1`] = `
<div>
  <h1>
    Viewing 
    1
     
    expense
     totalling 
    $1.95
  </h1>
</div>
`;
