// Jest Snapshot v1, https://goo.gl/fbAQLP

exports[`should render expense 1`] = `
<div>
  <Link
    replace={false}
    to="/edit/undefined"
  >
    <h3 />
  </Link>
  <p>
     - 
  </p>
  <button
    onClick={[Function]}
  >
    Remove
  </button>
</div>
`;
